// Jest Snapshot v1, https://goo.gl/fbAQLP

exports[`Employee Component renders correctly 1`] = `
<div>
  <div
    className="MuiPaper-root-8 MuiPaper-elevation2-12 MuiPaper-rounded-9 MuiCard-root-7 EmployeeCard-card-1"
  >
    <a
      href="/employee/1"
      onClick={[Function]}
    >
      <div
        className="MuiCardHeader-root-35"
      >
        <div
          className="MuiCardHeader-avatar-36"
        >
          <div
            aria-label="Recipe"
            className="MuiAvatar-root-41 MuiAvatar-colorDefault-42 EmployeeCard-avatar-6"
          >
            d
          </div>
        </div>
        <div
          className="MuiCardHeader-content-38"
        >
          <span
            className="MuiTypography-root-44 MuiTypography-body2-52 MuiCardHeader-title-39"
          >
            dave smith
          </span>
        </div>
        <div
          className="MuiCardHeader-action-37"
        >
          <button
            className="MuiButtonBase-root-74 MuiIconButton-root-68"
            disabled={false}
            onBlur={[Function]}
            onFocus={[Function]}
            onKeyDown={[Function]}
            onKeyUp={[Function]}
            onMouseDown={[Function]}
            onMouseLeave={[Function]}
            onMouseUp={[Function]}
            onTouchEnd={[Function]}
            onTouchMove={[Function]}
            onTouchStart={[Function]}
            tabIndex="0"
            type="button"
          >
            <span
              className="MuiIconButton-label-73"
            >
              <svg
                aria-hidden="true"
                className="MuiSvgIcon-root-77"
                color={undefined}
                focusable="false"
                viewBox="0 0 24 24"
              >
                <g>
                  <path
                    d="M9 5v2h6.59L4 18.59 5.41 20 17 8.41V15h2V5z"
                  />
                </g>
              </svg>
            </span>
            <span
              className="MuiTouchRipple-root-83"
            />
          </button>
        </div>
      </div>
    </a>
    <div
      className="MuiCardContent-root-90"
    >
      <p
        className="MuiTypography-root-44 MuiTypography-body1-53"
      >
        Total years of experience: 
        1
      </p>
    </div>
    <div
      className="MuiCardActions-root-91 EmployeeCard-actions-3"
    >
      <a
        href="/edit-employee/1"
        onClick={[Function]}
      >
        <button
          aria-label="Edit"
          className="MuiButtonBase-root-74 MuiIconButton-root-68"
          disabled={false}
          onBlur={[Function]}
          onFocus={[Function]}
          onKeyDown={[Function]}
          onKeyUp={[Function]}
          onMouseDown={[Function]}
          onMouseLeave={[Function]}
          onMouseUp={[Function]}
          onTouchEnd={[Function]}
          onTouchMove={[Function]}
          onTouchStart={[Function]}
          tabIndex="0"
          type="button"
        >
          <span
            className="MuiIconButton-label-73"
          >
            <svg
              aria-hidden="true"
              className="MuiSvgIcon-root-77"
              color={undefined}
              focusable="false"
              viewBox="0 0 24 24"
            >
              <g>
                <path
                  d="M3 17.25V21h3.75L17.81 9.94l-3.75-3.75L3 17.25zM20.71 7.04c.39-.39.39-1.02 0-1.41l-2.34-2.34c-.39-.39-1.02-.39-1.41 0l-1.83 1.83 3.75 3.75 1.83-1.83z"
                />
              </g>
            </svg>
          </span>
          <span
            className="MuiTouchRipple-root-83"
          />
        </button>
      </a>
      <button
        aria-label="Edit"
        className="MuiButtonBase-root-74 MuiIconButton-root-68"
        disabled={false}
        onBlur={[Function]}
        onClick={[Function]}
        onFocus={[Function]}
        onKeyDown={[Function]}
        onKeyUp={[Function]}
        onMouseDown={[Function]}
        onMouseLeave={[Function]}
        onMouseUp={[Function]}
        onTouchEnd={[Function]}
        onTouchMove={[Function]}
        onTouchStart={[Function]}
        tabIndex="0"
        type="button"
      >
        <span
          className="MuiIconButton-label-73"
        >
          <svg
            aria-hidden="true"
            className="MuiSvgIcon-root-77"
            color={undefined}
            focusable="false"
            viewBox="0 0 24 24"
          >
            <g>
              <path
                d="M6 19c0 1.1.9 2 2 2h8c1.1 0 2-.9 2-2V7H6v12zM19 4h-3.5l-1-1h-5l-1 1H5v2h14V4z"
              />
            </g>
          </svg>
        </span>
        <span
          className="MuiTouchRipple-root-83"
        />
      </button>
    </div>
  </div>
</div>
`;
