// Jest Snapshot v1, https://goo.gl/fbAQLP

exports[`Employee Component renders correctly 1`] = `
<div>
  <div
    className="MuiPaper-root-7 MuiPaper-elevation2-11 MuiPaper-rounded-8 MuiCard-root-6 EmployeeCard-card-1"
  >
    <div
      className="MuiCardHeader-root-34"
    >
      <div
        className="MuiCardHeader-avatar-35"
      >
        <div
          aria-label="Recipe"
          className="MuiAvatar-root-40 MuiAvatar-colorDefault-41 EmployeeCard-avatar-5"
        >
          d
        </div>
      </div>
      <div
        className="MuiCardHeader-content-37"
      >
        <span
          className="MuiTypography-root-43 MuiTypography-body2-51 MuiCardHeader-title-38"
        >
          dave smith
        </span>
      </div>
    </div>
    <div
      className="MuiCardContent-root-67"
    >
      <p
        className="MuiTypography-root-43 MuiTypography-body1-52"
      >
        Total years of experience: 
        1
      </p>
    </div>
    <div
      className="MuiCardActions-root-68 EmployeeCard-actions-2"
    >
      <a
        href="/edit-employee/1"
        onClick={[Function]}
      >
        <button
          aria-label="Edit"
          className="MuiButtonBase-root-76 MuiIconButton-root-70"
          disabled={false}
          onBlur={[Function]}
          onFocus={[Function]}
          onKeyDown={[Function]}
          onKeyUp={[Function]}
          onMouseDown={[Function]}
          onMouseLeave={[Function]}
          onMouseUp={[Function]}
          onTouchEnd={[Function]}
          onTouchMove={[Function]}
          onTouchStart={[Function]}
          tabIndex="0"
          type="button"
        >
          <span
            className="MuiIconButton-label-75"
          >
            <svg
              aria-hidden="true"
              className="MuiSvgIcon-root-79"
              color={undefined}
              focusable="false"
              viewBox="0 0 24 24"
            >
              <g>
                <path
                  d="M3 17.25V21h3.75L17.81 9.94l-3.75-3.75L3 17.25zM20.71 7.04c.39-.39.39-1.02 0-1.41l-2.34-2.34c-.39-.39-1.02-.39-1.41 0l-1.83 1.83 3.75 3.75 1.83-1.83z"
                />
              </g>
            </svg>
          </span>
          <span
            className="MuiTouchRipple-root-85"
          />
        </button>
      </a>
      <button
        aria-label="Edit"
        className="MuiButtonBase-root-76 MuiIconButton-root-70"
        disabled={false}
        onBlur={[Function]}
        onClick={[Function]}
        onFocus={[Function]}
        onKeyDown={[Function]}
        onKeyUp={[Function]}
        onMouseDown={[Function]}
        onMouseLeave={[Function]}
        onMouseUp={[Function]}
        onTouchEnd={[Function]}
        onTouchMove={[Function]}
        onTouchStart={[Function]}
        tabIndex="0"
        type="button"
      >
        <span
          className="MuiIconButton-label-75"
        >
          <svg
            aria-hidden="true"
            className="MuiSvgIcon-root-79"
            color={undefined}
            focusable="false"
            viewBox="0 0 24 24"
          >
            <g>
              <path
                d="M6 19c0 1.1.9 2 2 2h8c1.1 0 2-.9 2-2V7H6v12zM19 4h-3.5l-1-1h-5l-1 1H5v2h14V4z"
              />
            </g>
          </svg>
        </span>
        <span
          className="MuiTouchRipple-root-85"
        />
      </button>
    </div>
  </div>
</div>
`;
